[dotenv@17.2.3] injecting env (2) from .env -- tip: ­ƒøá´©Å  run anywhere with `dotenvx run -- yourcommand`
URL: mysql://root:1212@localhost:3306/messenger_app
node : Init failed: P
rismaClientConstructo
rValidationError: 
Unknown property 
datasources provided 
to PrismaClient 
constructor.
En línea: 1 
Carácter: 1
+ node test-db.js > 
test.log 2>&1
+ ~~~~~~~~~~~~~~~~~~~
~~~~~~~~~~~~
    + CategoryInfo   
           : NotSpe  
  cified: (Init fa   
 iled: Pr...nt co    
nstructor.:Strin    
g) [], RemoteExc    
eption
    + FullyQualified 
   ErrorId : Native  
  CommandError
 
Read more at https://
pris.ly/d/client-cons
tructor
    at al (C:\Users\M
ario\messenger-app\ba
ckend\node_modules\@p
risma\client\runtime\
client.js:66:3832)
    at new t (C:\User
s\Mario\messenger-app
\backend\node_modules
\@prisma\client\runti
me\client.js:70:1241)
    at 
Object.<anonymous> (C
:\Users\Mario\messeng
er-app\backend\test-d
b.js:8:20)
    at 
Module._compile (node
:internal/modules/cjs
/loader:1706:14)
    at Object..js (no
de:internal/modules/c
js/loader:1839:10)
    at Module.load (n
ode:internal/modules/
cjs/loader:1441:32)
    at 
Function._load (node:
internal/modules/cjs/
loader:1263:12)
    at TracingChannel
.traceSync (node:diag
nostics_channel:322:1
4)
    at 
wrapModuleLoad (node:
internal/modules/cjs/
loader:237:24)
    at Function.execu
teUserEntryPoint [as 
runMain] (node:intern
al/modules/run_main:1
71:5)
